
> build
> vite build

[90m[[90mnitro:vercel[90m][39m [36mℹ[39m Using [36mnodejs22.x[39m runtime.
[90m[[90mnitro:vercel[90m][39m [36mℹ[39m Using [36mweb[39m entry format.
[36mvite v8.1.5 [32mbuilding client environment for production...[36m[39m
[2Ktransforming...[33m[plugin tanstack-start-core::server-fn:client] E:/Shield/shield-spark-score/src/lib/assessment/scan.functions.ts:13:24 createServerFn().inputValidator() is deprecated. Use createServerFn().validator() instead.[39m
[33m[plugin tanstack-start-core::server-fn:client] E:/Shield/shield-spark-score/src/lib/assessment/scan.functions.ts:32:31 createServerFn().inputValidator() is deprecated. Use createServerFn().validator() instead.[39m
[33m[plugin tanstack-start-core::server-fn:client] E:/Shield/shield-spark-score/src/lib/assessment/scan.functions.ts:49:28 createServerFn().inputValidator() is deprecated. Use createServerFn().validator() instead.[39m
[33m[plugin tanstack-start-core::server-fn:client] E:/Shield/shield-spark-score/src/lib/assessment/scan.functions.ts:122:34 createServerFn().inputValidator() is deprecated. Use createServerFn().validator() instead.[39m
[33m[plugin tanstack-start-core::server-fn:client] E:/Shield/shield-spark-score/src/lib/assessment/scan.functions.ts:143:35 createServerFn().inputValidator() is deprecated. Use createServerFn().validator() instead.[39m
[33m[plugin tanstack-start-core::server-fn:client] E:/Shield/shield-spark-score/src/lib/assessment/scan.functions.ts:159:39 createServerFn().inputValidator() is deprecated. Use createServerFn().validator() instead.[39m
✓ 2887 modules transformed.
rendering chunks...
computing gzip size...
.vercel/output/static/assets/styles-BonMk_au.css          90.65 kB │ gzip:  15.01 kB
.vercel/output/static/assets/admin-3R-1nZex.js            25.46 kB │ gzip:   6.53 kB
.vercel/output/static/assets/triangle-alert-CcdrlurT.js  132.72 kB │ gzip:  44.13 kB
.vercel/output/static/assets/index-BxHnmv-L.js           345.95 kB │ gzip: 108.48 kB
.vercel/output/static/assets/routes-DJTtdgaK.js          537.21 kB │ gzip: 148.52 kB

[32m✓ built in 650ms[39m
[33m[plugin builtin:vite-reporter] 
(!) Some chunks are larger than 500 kB after minification. Consider:
- Using dynamic import() to code-split the application
- Use build.rolldownOptions.output.codeSplitting to improve chunking: https://rolldown.rs/reference/OutputOptions.codeSplitting
- Adjust chunk size limit for this warning via build.chunkSizeWarningLimit.[39m
[36mvite v8.1.5 [32mbuilding ssr environment for production...[36m[39m
[2Ktransforming...[33m[plugin tanstack-start-core::server-fn:ssr] E:/Shield/shield-spark-score/src/lib/assessment/scan.functions.ts?tss-serverfn-split:13:24 createServerFn().inputValidator() is deprecated. Use createServerFn().validator() instead.[39m
[33m[plugin tanstack-start-core::server-fn:ssr] E:/Shield/shield-spark-score/src/lib/assessment/scan.functions.ts?tss-serverfn-split:32:31 createServerFn().inputValidator() is deprecated. Use createServerFn().validator() instead.[39m
[33m[plugin tanstack-start-core::server-fn:ssr] E:/Shield/shield-spark-score/src/lib/assessment/scan.functions.ts?tss-serverfn-split:49:28 createServerFn().inputValidator() is deprecated. Use createServerFn().validator() instead.[39m
[33m[plugin tanstack-start-core::server-fn:ssr] E:/Shield/shield-spark-score/src/lib/assessment/scan.functions.ts?tss-serverfn-split:122:34 createServerFn().inputValidator() is deprecated. Use createServerFn().validator() instead.[39m
[33m[plugin tanstack-start-core::server-fn:ssr] E:/Shield/shield-spark-score/src/lib/assessment/scan.functions.ts?tss-serverfn-split:143:35 createServerFn().inputValidator() is deprecated. Use createServerFn().validator() instead.[39m
[33m[plugin tanstack-start-core::server-fn:ssr] E:/Shield/shield-spark-score/src/lib/assessment/scan.functions.ts?tss-serverfn-split:159:39 createServerFn().inputValidator() is deprecated. Use createServerFn().validator() instead.[39m
[33m[plugin tanstack-start-core::server-fn:ssr] E:/Shield/shield-spark-score/src/lib/assessment/scan.functions.ts:13:24 createServerFn().inputValidator() is deprecated. Use createServerFn().validator() instead.[39m
[33m[plugin tanstack-start-core::server-fn:ssr] E:/Shield/shield-spark-score/src/lib/assessment/scan.functions.ts:32:31 createServerFn().inputValidator() is deprecated. Use createServerFn().validator() instead.[39m
[33m[plugin tanstack-start-core::server-fn:ssr] E:/Shield/shield-spark-score/src/lib/assessment/scan.functions.ts:49:28 createServerFn().inputValidator() is deprecated. Use createServerFn().validator() instead.[39m
[33m[plugin tanstack-start-core::server-fn:ssr] E:/Shield/shield-spark-score/src/lib/assessment/scan.functions.ts:122:34 createServerFn().inputValidator() is deprecated. Use createServerFn().validator() instead.[39m
[33m[plugin tanstack-start-core::server-fn:ssr] E:/Shield/shield-spark-score/src/lib/assessment/scan.functions.ts:143:35 createServerFn().inputValidator() is deprecated. Use createServerFn().validator() instead.[39m
[33m[plugin tanstack-start-core::server-fn:ssr] E:/Shield/shield-spark-score/src/lib/assessment/scan.functions.ts:159:39 createServerFn().inputValidator() is deprecated. Use createServerFn().validator() instead.[39m
✓ 82 modules transformed.
rendering chunks...
computing gzip size...
node_modules/.nitro/vite/services/ssr/assets/styles-BonMk_au.css                     90.65 kB │ gzip: 15.01 kB
node_modules/.nitro/vite/services/ssr/assets/empty-plugin-adapters-D9UWiqvJ.js        0.22 kB │ gzip:  0.16 kB
node_modules/.nitro/vite/services/ssr/assets/_tanstack-start-manifest_v-DKHdcs_r.js   0.74 kB │ gzip:  0.34 kB
node_modules/.nitro/vite/services/ssr/assets/createMiddleware-B_4t7rW1.js             0.83 kB │ gzip:  0.32 kB
node_modules/.nitro/vite/services/ssr/assets/start-BUsx_AOA.js                        2.78 kB │ gzip:  1.29 kB
node_modules/.nitro/vite/services/ssr/assets/scan.functions-R7JcDf11.js               3.20 kB │ gzip:  1.32 kB
node_modules/.nitro/vite/services/ssr/assets/router-BOOj-IOj.js                       6.99 kB │ gzip:  1.83 kB
node_modules/.nitro/vite/services/ssr/assets/scan.functions-IWLPABgp.js              24.30 kB │ gzip:  7.71 kB
node_modules/.nitro/vite/services/ssr/assets/admin-CsuiPSCY.js                       36.85 kB │ gzip:  7.09 kB
node_modules/.nitro/vite/services/ssr/assets/engine-B1qeQA5Y.js                      37.43 kB │ gzip: 11.12 kB
node_modules/.nitro/vite/services/ssr/index.js                                       66.40 kB │ gzip: 17.21 kB
node_modules/.nitro/vite/services/ssr/assets/routes-CnkSn_L1.js                      72.74 kB │ gzip: 15.68 kB

[32m✓ built in 283ms[39m

[90m[[90mnitro[90m][39m [35m◐[39m Building [[35mNitro[39m] [2m(preset: [36mvercel[39m, compatibility: [36m2026-08-09[39m)[22m
[90m[[90mnitro[90m][39m [32m✔[39m Generated public [36m.vercel/output/static[39m
[36mvite v8.1.5 [32mbuilding nitro environment for production...[36m[39m
[2Ktransforming...✓ 2951 modules transformed.
[36mℹ[39m Tracing dependencies:
- [36mtslib[39m (2.8.1)
[32m✔[39m Traced 1 dependencies (4 files) in 89ms.
[36mℹ[39m Ensure your production environment matches the builder OS and architecture ([36mwin32-x64[39m) to avoid native module issues.
rendering chunks...
computing gzip size...
.vercel/output/functions/__server.func/_ssr/empty-plugin-adapters-D9UWiqvJ.mjs    0.23 kB │ gzip:   0.16 kB
.vercel/output/functions/__server.func/_libs/clsx.mjs                             0.55 kB │ gzip:   0.31 kB
.vercel/output/functions/__server.func/_chunks/ssr-renderer.mjs                   0.60 kB │ gzip:   0.36 kB
.vercel/output/functions/__server.func/_tanstack-start-manifest_v-DKHdcs_r.mjs    0.79 kB │ gzip:   0.38 kB
.vercel/output/functions/__server.func/_ssr/createMiddleware-B_4t7rW1.mjs         0.83 kB │ gzip:   0.33 kB
.vercel/output/functions/__server.func/_libs/react-is.mjs                         1.67 kB │ gzip:   0.65 kB
.vercel/output/functions/__server.func/_runtime.mjs                               1.89 kB │ gzip:   0.86 kB
.vercel/output/functions/__server.func/_libs/prop-types.mjs                       2.27 kB │ gzip:   0.84 kB
.vercel/output/functions/__server.func/_ssr/start-BUsx_AOA.mjs                    2.69 kB │ gzip:   1.27 kB
.vercel/output/functions/__server.func/_libs/d3-path.mjs                          3.25 kB │ gzip:   1.16 kB
.vercel/output/functions/__server.func/_ssr/scan.functions-R7JcDf11.mjs           3.61 kB │ gzip:   1.40 kB
.vercel/output/functions/__server.func/_libs/d3-interpolate.mjs                   5.02 kB │ gzip:   1.61 kB
.vercel/output/functions/__server.func/index.mjs                                  7.27 kB │ gzip:   2.60 kB
.vercel/output/functions/__server.func/_ssr/router-BOOj-IOj.mjs                   7.50 kB │ gzip:   1.90 kB
.vercel/output/functions/__server.func/_libs/d3-array.mjs                         8.05 kB │ gzip:   2.25 kB
.vercel/output/functions/__server.func/_libs/eventemitter3.mjs                    8.31 kB │ gzip:   2.05 kB
.vercel/output/functions/__server.func/_libs/d3-color.mjs                        10.38 kB │ gzip:   3.57 kB
.vercel/output/functions/__server.func/_libs/d3-format.mjs                       10.59 kB │ gzip:   3.02 kB
.vercel/output/functions/__server.func/_libs/tanstack__history.mjs               12.09 kB │ gzip:   3.48 kB
.vercel/output/functions/__server.func/_libs/supabase__functions-js.mjs          12.49 kB │ gzip:   3.44 kB
.vercel/output/functions/__server.func/_libs/fast-equals.mjs                     14.37 kB │ gzip:   3.62 kB
.vercel/output/functions/__server.func/_libs/react+tanstack__react-query.mjs     17.59 kB │ gzip:   4.63 kB
.vercel/output/functions/__server.func/_libs/h3-v2+rou3+srvx.mjs                 18.20 kB │ gzip:   4.98 kB
.vercel/output/functions/__server.func/_libs/lucide-react.mjs                    19.96 kB │ gzip:   4.13 kB
.vercel/output/functions/__server.func/_libs/decimal.js-light.mjs                23.31 kB │ gzip:   6.89 kB
.vercel/output/functions/__server.func/_ssr/scan.functions-IWLPABgp.mjs          24.22 kB │ gzip:   7.72 kB
.vercel/output/functions/__server.func/_libs/d3-shape.mjs                        24.72 kB │ gzip:   5.02 kB
.vercel/output/functions/__server.func/_libs/h3+rou3+srvx.mjs                    26.42 kB │ gzip:   6.94 kB
.vercel/output/functions/__server.func/_libs/supabase__supabase-js.mjs           35.54 kB │ gzip:  10.47 kB
.vercel/output/functions/__server.func/_ssr/engine-B1qeQA5Y.mjs                  37.36 kB │ gzip:  11.13 kB
.vercel/output/functions/__server.func/_libs/react-smooth.mjs                    37.83 kB │ gzip:   8.14 kB
.vercel/output/functions/__server.func/_ssr/admin-CsuiPSCY.mjs                   41.88 kB │ gzip:   7.32 kB
.vercel/output/functions/__server.func/_libs/tanstack__query-core.mjs            48.17 kB │ gzip:  10.70 kB
.vercel/output/functions/__server.func/_libs/supabase__phoenix.mjs               50.54 kB │ gzip:  12.76 kB
.vercel/output/functions/__server.func/_libs/d3-scale+[...].mjs                  58.25 kB │ gzip:  12.11 kB
.vercel/output/functions/__server.func/_ssr/ssr.mjs                              64.60 kB │ gzip:  17.12 kB
.vercel/output/functions/__server.func/_libs/react-hook-form.mjs                 68.37 kB │ gzip:  15.79 kB
.vercel/output/functions/__server.func/_libs/supabase__realtime-js.mjs           78.46 kB │ gzip:  20.09 kB
.vercel/output/functions/__server.func/_libs/@tanstack/router-core+[...].mjs     80.13 kB │ gzip:  20.13 kB
.vercel/output/functions/__server.func/_ssr/routes-CnkSn_L1.mjs                  81.26 kB │ gzip:  16.11 kB
.vercel/output/functions/__server.func/_libs/tailwind-merge.mjs                  88.13 kB │ gzip:  15.66 kB
.vercel/output/functions/__server.func/_libs/zod.mjs                             99.98 kB │ gzip:  17.30 kB
.vercel/output/functions/__server.func/_libs/supabase__postgrest-js.mjs         105.54 kB │ gzip:  21.68 kB
.vercel/output/functions/__server.func/_libs/@supabase/storage-js+[...].mjs     119.58 kB │ gzip:  22.34 kB
.vercel/output/functions/__server.func/_libs/lodash.mjs                         164.61 kB │ gzip:  29.74 kB
.vercel/output/functions/__server.func/_libs/supabase__auth-js.mjs              312.44 kB │ gzip:  63.66 kB
.vercel/output/functions/__server.func/_libs/framer-motion.mjs                  378.50 kB │ gzip:  99.12 kB
.vercel/output/functions/__server.func/_libs/recharts+[...].mjs                 545.70 kB │ gzip: 100.76 kB
.vercel/output/functions/__server.func/_libs/@tanstack/react-router+[...].mjs   670.65 kB │ gzip: 140.33 kB

[32m✓ built in 2.33s[39m
[36mℹ[39m Generated [36m.vercel/output/nitro.json[39m

[90m[[90mnitro[90m][39m [32m✔[39m You can preview this build using [36mnpx vite preview[39m
[90m[[90mnitro[90m][39m [32m✔[39m You can deploy this build using [36mnpx nitro deploy --prebuilt[39m
